08-05 17:29:36.200  1655  2195 I TrafficMonitor: gettimer:interval=2000
08-05 17:29:36.213  1655  2107 D HwBatteryService: setHwChargeTimeRemaining, time = -1 String time: 0
08-05 17:29:38.076  1655  1655 I NetLinkManager: getPriorityAppState, slaveIccid is null, start timer
08-05 17:29:38.203  1655  2195 I TrafficMonitor: gettimer:interval=5000
08-05 17:29:43.078  1655  1655 I NetLinkManager: getPriorityAppState, slaveIccid is null, start timer
08-05 17:29:43.207  1655  2195 I TrafficMonitor: gettimer:interval=5000
08-05 17:29:46.061  4409  4644 I PushLog110106300: [ReceiverDispatcher-195]com.huawei.push.alarm.HEARTBEAT alarm trigger, expectTriggerTime:1628155786048, current trigger time:1628155786061
08-05 17:29:46.076  4409  4644 I PushLog110106300: [ReceiverDispatcher-195]next Heartbeat timeout for push server is: 5 min , curHeartBeatInterval: 300000
08-05 17:29:48.079  1655  1655 I NetLinkManager: getPriorityAppState, slaveIccid is null, start timer
08-05 17:29:48.213  1655  2195 I TrafficMonitor: gettimer:interval=2000
08-05 17:29:50.217  1655  2195 I TrafficMonitor: gettimer:interval=2000
08-05 17:29:52.221  1655  2195 I TrafficMonitor: gettimer:interval=2000
08-05 17:29:53.081  1655  1655 I NetLinkManager: getPriorityAppState, slaveIccid is null, start timer
08-05 17:29:54.224  1655  2195 I TrafficMonitor: gettimer:interval=2000
08-05 17:29:54.760  2602  3245 D DeviceMonitorPowerKit: interval is 39979, ElapsedRealtime is 5538178, isNeedRepeat: false
08-05 17:29:56.229  1655  2195 I TrafficMonitor: gettimer:interval=2000
08-05 17:29:58.083  1655  1655 I NetLinkManager: getPriorityAppState, slaveIccid is null, start timer
08-05 17:29:58.232  1655  2195 I TrafficMonitor: gettimer:interval=2000
08-05 17:29:59.580  2709  4486 I fwkit_HMSEventLog: [I/fwkit/fwkit_HMSEventLog 2709:232 HMSEventLogDatabaseManager.java:516] Query by hour time in day heartbeat table
08-05 17:30:00.236  1655  2195 I TrafficMonitor: gettimer:interval=2000
08-05 17:30:02.240  1655  2195 I TrafficMonitor: gettimer:interval=2000
08-05 17:30:03.084  1655  1655 I NetLinkManager: getPriorityAppState, slaveIccid is null, start timer
08-05 17:30:04.245  1655  2195 I TrafficMonitor: gettimer:interval=2000
08-05 17:30:06.249  1655  2195 I TrafficMonitor: gettimer:interval=2000
08-05 17:30:06.900  1655  2107 D HwBatteryService: setHwChargeTimeRemaining, time = -1 String time: 0
08-05 17:30:08.087  1655  1655 I NetLinkManager: getPriorityAppState, slaveIccid is null, start timer
08-05 17:30:08.252  1655  2195 I TrafficMonitor: gettimer:interval=5000
08-05 17:30:13.089  1655  1655 I NetLinkManager: getPriorityAppState, slaveIccid is null, start timer
08-05 17:30:13.257  1655  2195 I TrafficMonitor: gettimer:interval=5000
08-05 17:30:14.760  2602  3245 D DeviceMonitorPowerKit: interval is 59979, ElapsedRealtime is 5538178, isNeedRepeat: false
08-05 17:30:15.338  1655  2306 I HwWifiProServiceProxy: pair = Pair{true 16}, Bundle = Bundle[{time=16, arpResult=true}]
08-05 17:30:18.091  1655  1655 I NetLinkManager: getPriorityAppState, slaveIccid is null, start timer
08-05 17:30:18.262  1655  2195 I TrafficMonitor: gettimer:interval=5000
08-05 17:30:20.964  2830  3158 I SmartChgBase/db_archive: ArchivePrint,last segment: [batt_brand=sunwodaatl;ocv_cc=-29222;ocv_chargecycles=1505;ocv_level=0;ocv_sample_time=1628155820;ocv_soc=99243;ocv_soc_uah=3928037;ocv_temp=308;ocv_volt_uv=4358985;]
08-05 17:30:20.966  2830  3158 I SmartChgBase/Data: tag OcvStat.Archive of provider value change to ArchiveFile=ocv_stat.db,ArchiveTable=ocv_info,batt_brand=sunwodaatl,ocv_cc=-29222,ocv_chargecycles=1505,ocv_level=0,ocv_sample_time=1628155820,ocv_soc=99243,ocv_soc_uah=3928037,ocv_temp=308,ocv_volt_uv=4358985
08-05 17:30:20.972  2830  3158 I SmartChgBase/Event: to dispatch event:2021-08-05 17:30:20/OcvStat.Archive=ArchiveFile=ocv_stat.db,ArchiveTable=ocv_info,batt_brand=sunwodaatl,ocv_cc=-29222,ocv_chargecycles=1505,ocv_level=0,ocv_sample_time=1628155820,ocv_soc=99243,ocv_soc_uah=3928037,ocv_temp=308,ocv_volt_uv=4358985
08-05 17:30:23.093  1655  1655 I NetLinkManager: getPriorityAppState, slaveIccid is null, start timer
08-05 17:30:23.266  1655  2195 I TrafficMonitor: gettimer:interval=5000
08-05 17:30:24.193  2830  3158 I SmartChgBase/ScmTimer: freeTimer timer id is 2 timer num is 4
08-05 17:30:25.107 10827 10942 I mars::stn: [longlink_connect_monitor.cc, OnHeartbeatAlarmReceived, 474]:longlink_progress on_heartbeat_alarm, time: 5608504, is_noop_timeout:false
08-05 17:30:25.126  1655  1708 W ProcBatteryStats: timer is running , not start, name: com.tencent.mm, uid: 10165, tag: PlatformComm
08-05 17:30:25.131  1655  1708 W ProcBatteryStats: timer is running , not start, name: com.tencent.mm, uid: 10165, tag: PlatformComm
08-05 17:30:25.142 10827  2699 I mars::stn: [longlink_connect_monitor.cc, OnHeartbeatAlarmSet, 470]:longlink_progress on_heartbeat_set, time: 5608539, time interval:210000
08-05 17:30:25.151 10827  2699 I mars::stn: [longlink_connect_monitor.cc, OnHeartbeatAlarmSet, 470]:longlink_progress on_heartbeat_set, time: 5608548, time interval:210000
08-05 17:30:26.129  1655  1708 W ProcBatteryStats: timer is not running , not stop, name: com.tencent.mm, uid: 10165, tag: PlatformComm
08-05 17:30:28.094  1655  1655 I NetLinkManager: getPriorityAppState, slaveIccid is null, start timer
08-05 17:30:28.272  1655  2195 I TrafficMonitor: gettimer:interval=2000
08-05 17:30:26.137  1655  1708 W ProcBatteryStats: timer is not running , not stop, name: com.tencent.mm, uid: 10165, tag: PlatformComm
08-05 17:30:30.274  1655  2195 I TrafficMonitor: gettimer:interval=2000
08-05 17:30:32.277  1655  2195 I TrafficMonitor: gettimer:interval=2000
08-05 17:30:33.096  1655  1655 I NetLinkManager: getPriorityAppState, slaveIccid is null, start timer
08-05 17:30:34.281  1655  2195 I TrafficMonitor: gettimer:interval=2000
08-05 17:30:34.760  2602  3245 D DeviceMonitorPowerKit: interval is 79979, ElapsedRealtime is 5538178, isNeedRepeat: false
08-05 17:30:36.285  1655  2195 I TrafficMonitor: gettimer:interval=2000
08-05 17:30:37.620  1655  2107 D HwBatteryService: setHwChargeTimeRemaining, time = -1 String time: 0
08-05 17:30:38.098  1655  1655 I NetLinkManager: getPriorityAppState, slaveIccid is null, start timer
08-05 17:30:38.289  1655  2195 I TrafficMonitor: gettimer:interval=2000
08-05 17:30:40.294  1655  2195 I TrafficMonitor: gettimer:interval=2000
08-05 17:30:42.296  1655  2195 I TrafficMonitor: gettimer:interval=2000
08-05 17:30:43.101  1655  1655 I NetLinkManager: getPriorityAppState, slaveIccid is null, start timer
08-05 17:30:44.301  1655  2195 I TrafficMonitor: gettimer:interval=2000
08-05 17:30:46.305  1655  2195 I TrafficMonitor: gettimer:interval=2000
08-05 17:30:48.103  1655  1655 I NetLinkManager: getPriorityAppState, slaveIccid is null, start timer
08-05 17:30:48.310  1655  2195 I TrafficMonitor: gettimer:interval=2000
08-05 17:30:50.313  1655  2195 I TrafficMonitor: gettimer:interval=2000
08-05 17:30:52.317  1655  2195 I TrafficMonitor: gettimer:interval=5000
08-05 17:30:53.105  1655  1655 I NetLinkManager: getPriorityAppState, slaveIccid is null, start timer
08-05 17:30:54.760  2602  3245 D DeviceMonitorPowerKit: interval is 99979, ElapsedRealtime is 5538178, isNeedRepeat: false
08-05 17:30:56.367  1655  1655 I JobServiceContext: APP response begin time, startJob due to preemption. jobid:100634
08-05 17:30:56.389  1655  1655 I JobServiceContext: APP response end time startJob.
08-05 17:30:56.404  1655  1655 I JobScheduler: APP response end time, Completed JobStatus{64c9e7d #1000/100634 com.tencent.mtt.account.sync/com.tencent.mtt.account.sync:android u=0 s=10320 TIME=-30s144ms:+4m29s856ms NET PERIODIC PERSISTED READY}, reschedule=false
08-05 17:30:56.496   911  2185 I aptouch_daemon: get_cmd, power_time
08-05 17:30:56.497   911  2185 I aptouch_daemon: excute_cmd_end, cmd: power_time.
08-05 17:30:56.498   979   979 D pmomd   : dubai_send_data# new inquires arrived, timestamp=5639895
08-05 17:30:57.324  1655  2195 I TrafficMonitor: gettimer:interval=2000
08-05 17:30:57.492  2589  8069 E NcDftMisc: trigger wifi worktime event fail
08-05 17:30:57.989  1049  1185 I dubaid  : [BalanceControl.cpp] RoundTimeout# id: 0, voting: 32768, timerId: 10, reason: 7, request: 1628155801000
08-05 17:30:58.107  1655  1655 I NetLinkManager: getPriorityAppState, slaveIccid is null, start timer
08-05 17:30:59.328  1655  2195 I TrafficMonitor: gettimer:interval=2000
08-05 17:31:01.333  1655  2195 I TrafficMonitor: gettimer:interval=2000
08-05 17:31:03.109  1655  1655 I NetLinkManager: getPriorityAppState, slaveIccid is null, start timer
08-05 17:31:03.337  1655  2195 I TrafficMonitor: gettimer:interval=2000
08-05 17:31:05.341  1655  2195 I TrafficMonitor: gettimer:interval=2000
08-05 17:31:07.346  1655  2195 I TrafficMonitor: gettimer:interval=2000
08-05 17:31:08.111  1655  1655 I NetLinkManager: getPriorityAppState, slaveIccid is null, start timer
08-05 17:31:08.348  1655  2107 D HwBatteryService: setHwChargeTimeRemaining, time = -1 String time: 0
08-05 17:31:09.349  1655  2195 I TrafficMonitor: gettimer:interval=2000
08-05 17:31:11.354  1655  2195 I TrafficMonitor: gettimer:interval=2000
08-05 17:31:13.112  1655  1655 I NetLinkManager: getPriorityAppState, slaveIccid is null, start timer
08-05 17:31:13.357  1655  2195 I TrafficMonitor: gettimer:interval=2000
08-05 17:31:14.760  2602  3245 D DeviceMonitorPowerKit: interval is 119979, ElapsedRealtime is 5538178, isNeedRepeat: false
08-05 17:31:15.361  1655  2195 I TrafficMonitor: gettimer:interval=2000
08-05 17:31:15.413  1655  2306 I HwWifiProServiceProxy: pair = Pair{true 7}, Bundle = Bundle[{time=7, arpResult=true}]
08-05 17:31:17.365  1655  2195 I TrafficMonitor: gettimer:interval=5000
08-05 17:31:18.114  1655  1655 I NetLinkManager: getPriorityAppState, slaveIccid is null, start timer
08-05 17:31:19.477  2623  3732 I HicomNfTimerManager: AddTimer first success, m_expiredTime: 1628155939477, timer list size: 1
08-05 17:31:19.477  2623  3732 I HicomNfTimerManager: time fd:183 set success
08-05 17:31:19.512  2623  3732 I HicomNfTimerManager: RemoveTimer success, m_expiredTime: 1628155939477, timer list size: 0
08-05 17:31:19.908  2602  2728 E TrustAuthCommon: onError: error is not caused by service timeout
08-05 17:31:20.246  2830  3166 I SmartChgBase/Config: strategy configure aging time out
08-05 17:31:22.369  1655  2195 I TrafficMonitor: gettimer:interval=2000
08-05 17:31:23.117  1655  1655 I NetLinkManager: getPriorityAppState, slaveIccid is null, start timer
08-05 17:31:24.375  1655  2195 I TrafficMonitor: gettimer:interval=2000
08-05 17:31:26.378  1655  2195 I TrafficMonitor: gettimer:interval=2000
08-05 17:31:26.448  2830  3595 E SQLiteDatabase: Error inserting UNIQUE constraint failed: SmartControlRecordTable.packageName, SmartControlRecordTable.callerPackageName, SmartControlRecordTable.startupResult, SmartControlRecordTable.timeOfDay (Sqlite code 2067 SQLITE_CONSTRAINT_UNIQUE), (OS error - 2:No such file or directory)
08-05 17:31:28.119  1655  1655 I NetLinkManager: getPriorityAppState, slaveIccid is null, start timer
08-05 17:31:28.381  1655  2195 I TrafficMonitor: gettimer:interval=2000
08-05 17:31:30.384  1655  2195 I TrafficMonitor: gettimer:interval=2000
08-05 17:31:32.389  1655  2195 I TrafficMonitor: gettimer:interval=2000
08-05 17:31:33.120  1655  1655 I NetLinkManager: getPriorityAppState, slaveIccid is null, start timer
08-05 17:31:34.392  1655  2195 I TrafficMonitor: gettimer:interval=2000
08-05 17:31:34.760  2602  3245 D DeviceMonitorPowerKit: interval is 139979, ElapsedRealtime is 5538178, isNeedRepeat: false
08-05 17:31:36.398  1655  2195 I TrafficMonitor: gettimer:interval=2000
08-05 17:31:38.122  1655  1655 I NetLinkManager: getPriorityAppState, slaveIccid is null, start timer
08-05 17:31:38.401  1655  2195 I TrafficMonitor: gettimer:interval=2000
08-05 17:31:39.064  1655  2107 D HwBatteryService: setHwChargeTimeRemaining, time = -1 String time: 0
08-05 17:31:40.405  1655  2195 I TrafficMonitor: gettimer:interval=2000
08-05 17:31:42.409  1655  2195 I TrafficMonitor: gettimer:interval=2000
08-05 17:31:43.124  1655  1655 I NetLinkManager: getPriorityAppState, slaveIccid is null, start timer
08-05 17:31:44.414  1655  2195 I TrafficMonitor: gettimer:interval=5000
08-05 17:31:48.126  1655  1655 I NetLinkManager: getPriorityAppState, slaveIccid is null, start timer
08-05 17:31:49.421  1655  2195 I TrafficMonitor: gettimer:interval=2000
08-05 17:31:49.557  2641 23161 I ASSET_PUBLICKEY_SERVICE: UpdateData: time duration: 358
08-05 17:31:51.426  1655  2195 I TrafficMonitor: gettimer:interval=2000
08-05 17:31:53.129  1655  1655 I NetLinkManager: getPriorityAppState, slaveIccid is null, start timer
08-05 17:31:53.431  1655  2195 I TrafficMonitor: gettimer:interval=2000
08-05 17:31:54.760  2602  3245 D DeviceMonitorPowerKit: interval is 159979, ElapsedRealtime is 5538178, isNeedRepeat: false
08-05 17:31:55.436  1655  2195 I TrafficMonitor: gettimer:interval=2000
08-05 17:31:57.439  1655  2195 I TrafficMonitor: gettimer:interval=2000
08-05 17:31:58.131  1655  1655 I NetLinkManager: getPriorityAppState, slaveIccid is null, start timer
08-05 17:31:59.444  1655  2195 I TrafficMonitor: gettimer:interval=2000
08-05 17:32:01.449  1655  2195 I TrafficMonitor: gettimer:interval=2000
08-05 17:32:03.133  1655  1655 I NetLinkManager: getPriorityAppState, slaveIccid is null, start timer
08-05 17:32:03.454  1655  2195 I TrafficMonitor: gettimer:interval=2000
08-05 17:32:03.879  1655  1655 I JobScheduler: About to run job on context 0, job: JobStatus{67a730e #u0a67/50001 com.huawei.hwid/com.huawei.hms.runtimekit.stub.HMSKitC1NEStubJobService20 u=0 s=10067 TIME=-9ms:-9ms PERSISTED READY}
08-05 17:32:03.911  1655  1655 I JobServiceContext: APP response begin time, startJob due to preemption. jobid:50001
08-05 17:32:04.062  2709  4624 I fwkit_kams_stubmanager: [I/fwkit/fwkit_kams_stubmanager 2709:238 StubManagerService.java:280] Notify kit ComponentName:{com.huawei.hms.ads/com.huawei.openalliance.ad.ppskit.dc.DcJobService} ,Status: {1} ,stub ComponentName:{com.huawei.hwid/com.huawei.hms.runtimekit.stub.HMSKitC1NEStubJobService20}
08-05 17:32:04.063  2709  4624 I fwkit_kams_pr: [I/fwkit/fwkit_kams_pr 2709:238 BaseProcessRecord.java:901] NOTIFY ONSTART SUCCESS:ComponentInfo{com.huawei.hwid/com.huawei.hms.runtimekit.stub.HMSKitC1NEStubJobService20}ComponentInfo{com.huawei.hms.ads/com.huawei.openalliance.ad.ppskit.dc.DcJobService}
08-05 17:32:04.077  1655  2220 I JobServiceContext: APP response end time startJob.
08-05 17:32:04.161 29588  3851 I HiAdKit.DC.DcUtil:  last AUD time: 1628151915269
08-05 17:32:04.809  1073  1132 I SensorHub: in Batch, handle = 5, flags = 0, periodNs = 200000000, timeout = 0
08-05 17:32:04.816  1073  1073 I SensorHub: in Batch, handle = 1, flags = 0, periodNs = 200000000, timeout = 0
08-05 17:32:04.818 29588  3851 I HiAdKit.DC.ADCP:  addAppDataCollectionToCache - cache valide time: 7200 expireTime: 1627723924818
08-05 17:32:04.818  1073  1073 I SensorHub: in Batch, handle = 9, flags = 0, periodNs = 200000000, timeout = 0
08-05 17:32:04.834 29588  3851 I HiAdKit.DC.DcUtil:  last AIL time: 1628122539553
08-05 17:32:05.020  2659  3264 I SensorState: sensor stop, total history time:1481
08-05 17:32:05.458  1655  2195 I TrafficMonitor: gettimer:interval=2000
08-05 17:32:05.523  2709  1916 I fwkit_kams_pr: [I/fwkit/fwkit_kams_pr 2709:923 BaseProcessRecord.java:1303] updateStatusWhenNoValidSession: ComponentInfo{com.huawei.hwid/com.huawei.hms.runtimekit.stub.HMSKitCoreNEStubService18} not active or not in record.
08-05 17:32:05.523  2709  1916 I fwkit_kams_pr: [I/fwkit/fwkit_kams_pr 2709:923 BaseProcessRecord.java:1303] updateStatusWhenNoValidSession: ComponentInfo{com.huawei.hwid/com.huawei.hms.runtimekit.stub.HMSKitCoreNEStubService19} not active or not in record.
08-05 17:32:05.524  2709  1916 I fwkit_kams_pr: [I/fwkit/fwkit_kams_pr 2709:923 BaseProcessRecord.java:1303] updateStatusWhenNoValidSession: ComponentInfo{com.huawei.hwid/com.huawei.hms.runtimekit.stub.HMSKitCoreNEStubService16} not active or not in record.
08-05 17:32:05.525  1655  3242 I JobScheduler: CANCEL: 67a730e #u0a67/50001 com.huawei.hwid/com.huawei.hms.runtimekit.stub.HMSKitC1NEStubJobService20, reason:job rescheduled by app
08-05 17:32:05.526  1655  3242 I JobServiceContext: APP response begin time, Stop job, jobId:50001
08-05 17:32:05.526  1655  3242 I JobScheduler.Time: Add job to TimeTracking: 6487f82 #u0a67/50001 com.huawei.hwid/com.huawei.hms.runtimekit.stub.HMSKitC1NEStubJobService20, delayTime:10244065, deadlineTime:10244065
08-05 17:32:05.530  1655  3242 I JobScheduler: APP response end time, Completed JobStatus{67a730e #u0a67/50001 com.huawei.hwid/com.huawei.hms.runtimekit.stub.HMSKitC1NEStubJobService20 u=0 s=10067 TIME=-1s660ms:-1s660ms PERSISTED READY}, reschedule=false
08-05 17:32:05.541  2709  1916 I fwkit_kams_stubmanager: [I/fwkit/fwkit_kams_stubmanager 2709:923 StubManagerService.java:280] Notify kit ComponentName:{com.huawei.hms.ads/com.huawei.openalliance.ad.ppskit.dc.DcJobService} ,Status: {2} ,stub ComponentName:{com.huawei.hwid/com.huawei.hms.runtimekit.stub.HMSKitC1NEStubJobService20}
08-05 17:32:05.542  2709  1916 I fwkit_kams_jobService: [I/fwkit/fwkit_kams_jobService 2709:923 JobServiceManager.java:234] active jobService :com.huawei.hms.runtimekit.stub.HMSKitC1NEStubJobService20
08-05 17:32:05.542  2709  1916 I fwkit_kams_pr: [I/fwkit/fwkit_kams_pr 2709:923 BaseProcessRecord.java:1086] NOTIFY ONSTOP SUCCESS:{com.huawei.hwid/com.huawei.hms.runtimekit.stub.HMSKitC1NEStubJobService20}{com.huawei.hms.ads/com.huawei.openalliance.ad.ppskit.dc.DcJobService}
08-05 17:32:07.463  1655  2195 I TrafficMonitor: gettimer:interval=2000
08-05 17:32:08.135  1655  1655 I NetLinkManager: getPriorityAppState, slaveIccid is null, start timer
08-05 17:32:09.468  1655  2195 I TrafficMonitor: gettimer:interval=2000
08-05 17:32:09.784  1655  2107 D HwBatteryService: setHwChargeTimeRemaining, time = -1 String time: 0
08-05 17:32:11.472  1655  2195 I TrafficMonitor: gettimer:interval=2000
08-05 17:32:13.137  1655  1655 I NetLinkManager: getPriorityAppState, slaveIccid is null, start timer
08-05 17:32:13.476  1655  2195 I TrafficMonitor: gettimer:interval=2000
08-05 17:32:14.760  2602  3245 D DeviceMonitorPowerKit: interval is 179979, ElapsedRealtime is 5538178, isNeedRepeat: false
08-05 17:32:15.480  1655  2195 I TrafficMonitor: gettimer:interval=2000
08-05 17:32:15.495  1655  2306 I HwWifiProServiceProxy: pair = Pair{true 15}, Bundle = Bundle[{time=15, arpResult=true}]
08-05 17:32:17.486  1655  2195 I TrafficMonitor: gettimer:interval=2000
08-05 17:32:18.139  1655  1655 I NetLinkManager: getPriorityAppState, slaveIccid is null, start timer
08-05 17:32:19.489  1655  2195 I TrafficMonitor: gettimer:interval=2000
08-05 17:32:20.555  2602  3019 I MonitorStrategy: device check lost at heartbeat, bleBackGround false or not screenOne or need more time
08-05 17:32:20.570  2602  3019 I MonitorStrategy: first time, do all Wifi discovery
08-05 17:32:21.493  1655  2195 I TrafficMonitor: gettimer:interval=2000
08-05 17:32:23.141  1655  1655 I NetLinkManager: getPriorityAppState, slaveIccid is null, start timer
08-05 17:32:23.497  1655  2195 I TrafficMonitor: gettimer:interval=2000
08-05 17:32:25.501  1655  2195 I TrafficMonitor: gettimer:interval=2000
08-05 17:32:27.506  1655  2195 I TrafficMonitor: gettimer:interval=5000
08-05 17:32:28.144  1655  1655 I NetLinkManager: getPriorityAppState, slaveIccid is null, start timer
08-05 17:32:32.509  1655  2195 I TrafficMonitor: gettimer:interval=5000
08-05 17:32:33.146  1655  1655 I NetLinkManager: getPriorityAppState, slaveIccid is null, start timer
08-05 17:32:34.760  2602  3245 D DeviceMonitorPowerKit: interval is 199979, ElapsedRealtime is 5538178, isNeedRepeat: false
08-05 17:32:37.516  1655  2195 I TrafficMonitor: gettimer:interval=5000
08-05 17:32:38.148  1655  1655 I NetLinkManager: getPriorityAppState, slaveIccid is null, start timer
08-05 17:32:40.501  1655  2107 D HwBatteryService: setHwChargeTimeRemaining, time = -1 String time: 0
08-05 17:32:42.520  1655  2195 I TrafficMonitor: gettimer:interval=5000
08-05 17:32:43.150  1655  1655 I NetLinkManager: getPriorityAppState, slaveIccid is null, start timer
08-05 17:32:46.184  4409  4644 I PushLog110106300: [ReceiverDispatcher-195]com.huawei.push.alarm.HEARTBEAT alarm trigger, expectTriggerTime:1628155966170, current trigger time:1628155966184
08-05 17:32:46.199  4409  4644 I PushLog110106300: [ReceiverDispatcher-195]next Heartbeat timeout for push server is: 5 min , curHeartBeatInterval: 300000
08-05 17:32:47.526  1655  2195 I TrafficMonitor: gettimer:interval=2000
08-05 17:32:48.152  1655  1655 I NetLinkManager: getPriorityAppState, slaveIccid is null, start timer
08-05 17:32:49.530  1655  2195 I TrafficMonitor: gettimer:interval=2000
08-05 17:32:51.535  1655  2195 I TrafficMonitor: gettimer:interval=2000
08-05 17:32:53.154  1655  1655 I NetLinkManager: getPriorityAppState, slaveIccid is null, start timer
08-05 17:32:53.539  1655  2195 I TrafficMonitor: gettimer:interval=2000
08-05 17:32:54.760  2602  3245 D DeviceMonitorPowerKit: interval is 219979, ElapsedRealtime is 5538178, isNeedRepeat: false
08-05 17:32:55.544  1655  2195 I TrafficMonitor: gettimer:interval=2000
08-05 17:32:57.549  1655  2195 I TrafficMonitor: gettimer:interval=2000
08-05 17:32:58.157  1655  1655 I NetLinkManager: getPriorityAppState, slaveIccid is null, start timer
08-05 17:32:59.553  1655  2195 I TrafficMonitor: gettimer:interval=2000
08-05 17:33:01.558  1655  2195 I TrafficMonitor: gettimer:interval=2000
08-05 17:33:03.159  1655  1655 I NetLinkManager: getPriorityAppState, slaveIccid is null, start timer
08-05 17:33:03.563  1655  2195 I TrafficMonitor: gettimer:interval=2000
08-05 17:33:05.364  1035  1657 I maple   :  NaiveRC GC for force: sync: collected objects: 0(0B), 90.7536% utilization (3MiB/3MiB), max pause: 248us, total pause: 344us, total GC time: 34ms
08-05 17:33:05.566  1655  2195 I TrafficMonitor: gettimer:interval=2000
08-05 17:33:07.569  1655  2195 I TrafficMonitor: gettimer:interval=2000
08-05 17:33:08.162  1655  1655 I NetLinkManager: getPriorityAppState, slaveIccid is null, start timer
08-05 17:33:09.573  1655  2195 I TrafficMonitor: gettimer:interval=2000
08-05 17:33:11.224  1655  2107 D HwBatteryService: setHwChargeTimeRemaining, time = -1 String time: 0
08-05 17:33:11.577  1655  2195 I TrafficMonitor: gettimer:interval=2000
08-05 17:33:13.164  1655  1655 I NetLinkManager: getPriorityAppState, slaveIccid is null, start timer
08-05 17:33:13.583  1655  2195 I TrafficMonitor: gettimer:interval=2000
08-05 17:33:14.760  2602  3245 D DeviceMonitorPowerKit: interval is 239979, ElapsedRealtime is 5538178, isNeedRepeat: false
08-05 17:33:15.576  1655  2306 I HwWifiProServiceProxy: pair = Pair{true 15}, Bundle = Bundle[{time=15, arpResult=true}]
08-05 17:33:15.587  1655  2195 I TrafficMonitor: gettimer:interval=2000
08-05 17:33:17.590  1655  2195 I TrafficMonitor: gettimer:interval=2000
08-05 17:33:17.847  1655  1668 I maple   : system_server NaiveRC GC for force: sync: collected objects: 2328(2MiB), 86.3635% utilization (58MiB/68MiB), max pause: 1ms, total pause: 2ms, total GC time: 142ms
08-05 17:33:18.166  1655  1655 I NetLinkManager: getPriorityAppState, slaveIccid is null, start timer
