08-05 17:23:29.887  2894  2894 W com.rntsyb: type=1400 audit(0.0:4500): avc: denied { read } for pid=2894 name="u:object_r:device_config_runtime_native_prop:s0" dev="tmpfs" ino=11793 scontext=u:r:untrusted_app:s0:c81,c257,c512,c768 tcontext=u:object_r:device_config_runtime_native_prop:s0 tclass=file permissive=0
08-05 17:23:29.910   911  2185 I aptouch_daemon: get_cmd, power_time
08-05 17:23:29.910   911  2185 I aptouch_daemon: excute_cmd_end, cmd: power_time.
08-05 17:23:29.944  2894  2894 E AndroidRuntime: FATAL EXCEPTION: main
08-05 17:23:29.944  2894  2894 E AndroidRuntime: Process: com.rntsyb, PID: 2894
08-05 17:23:29.944  2894  2894 E AndroidRuntime: java.lang.AssertionError: expo-updates is enabled, but no valid URL is configured in AndroidManifest.xml. If you are making a release build for the first time, make sure you have run `expo publish` at least once.
08-05 17:23:29.944  2894  2894 E AndroidRuntime: 	at expo.modules.updates.UpdatesController.start(UpdatesController.java:283)
08-05 17:23:29.944  2894  2894 E AndroidRuntime: 	at expo.modules.updates.UpdatesController.initialize(UpdatesController.java:102)
08-05 17:23:29.944  2894  2894 E AndroidRuntime: 	at com.rntsyb.MainApplication.onCreate(MainApplication.java:89)
08-05 17:23:29.944  2894  2894 E AndroidRuntime: 	at android.app.Instrumentation.callApplicationOnCreate(Instrumentation.java:1202)
08-05 17:23:29.944  2894  2894 E AndroidRuntime: 	at android.app.ActivityThread.handleBindApplication(ActivityThread.java:7588)
08-05 17:23:29.944  2894  2894 E AndroidRuntime: 	at android.app.ActivityThread.access$2600(ActivityThread.java:260)
08-05 17:23:29.944  2894  2894 E AndroidRuntime: 	at android.app.ActivityThread$H.handleMessage(ActivityThread.java:2435)
08-05 17:23:29.944  2894  2894 E AndroidRuntime: 	at android.os.Handler.dispatchMessage(Handler.java:110)
08-05 17:23:29.944  2894  2894 E AndroidRuntime: 	at android.os.Looper.loop(Looper.java:219)
08-05 17:23:29.944  2894  2894 E AndroidRuntime: 	at android.app.ActivityThread.main(ActivityThread.java:8668)
08-05 17:23:29.944  2894  2894 E AndroidRuntime: 	at java.lang.reflect.Method.invoke(Native Method)
08-05 17:23:29.944  2894  2894 E AndroidRuntime: 	at com.android.internal.os.RuntimeInit$MethodAndArgsCaller.run(RuntimeInit.java:513)
08-05 17:23:29.944  2894  2894 E AndroidRuntime: 	at com.android.internal.os.ZygoteInit.main(ZygoteInit.java:1109)
08-05 17:23:29.985   911  2185 I aptouch_daemon: get_cmd, power_time
08-05 17:23:29.985   911  2185 I aptouch_daemon: request_lock_timed, + LockStatus 0x00000021
08-05 17:23:29.985   911  2185 I aptouch_daemon: request_lock_timed, -, 0ms, 0
08-05 17:23:29.985   911  2185 I aptouch_daemon: excute_cmd_end, cmd: power_time.
08-05 17:23:30.008  2623  3325 I NetworkQoeChr: checkForegroundApp timer start
08-05 17:23:30.023  5627  5627 I HwViewRootImpl: removeInvalidNode all the node in jank list is out of time
08-05 17:23:30.032  2693  2693 I HwViewRootImpl: removeInvalidNode all the node in jank list is out of time
08-05 17:23:30.043 10432 12699 I ImeNamedRunnable: Thread pool-1-thread-1, Runnable named iinputm::onStartInput, use time 0ms
08-05 17:23:30.043 10432 12696 I ImeNamedRunnable: Thread pool-6-thread-1, Runnable named igsm::onStartInput, use time 1ms
08-05 17:23:31.449  2954  2954 E libc    : Access denied finding property "persist.device_config.runtime_native.use_app_image_startup_cache"
08-05 17:23:31.443  2954  2954 W com.rntsyb: type=1400 audit(0.0:4501): avc: denied { read } for pid=2954 name="u:object_r:device_config_runtime_native_prop:s0" dev="tmpfs" ino=11793 scontext=u:r:untrusted_app:s0:c81,c257,c512,c768 tcontext=u:object_r:device_config_runtime_native_prop:s0 tclass=file permissive=0
08-05 17:23:31.503   911  2185 I aptouch_daemon: get_cmd, power_time
08-05 17:23:31.504   911  2185 I aptouch_daemon: excute_cmd_end, cmd: power_time.
08-05 17:23:31.531  2954  2954 E AndroidRuntime: FATAL EXCEPTION: main
08-05 17:23:31.531  2954  2954 E AndroidRuntime: Process: com.rntsyb, PID: 2954
08-05 17:23:31.531  2954  2954 E AndroidRuntime: java.lang.AssertionError: expo-updates is enabled, but no valid URL is configured in AndroidManifest.xml. If you are making a release build for the first time, make sure you have run `expo publish` at least once.
08-05 17:23:31.531  2954  2954 E AndroidRuntime: 	at expo.modules.updates.UpdatesController.start(UpdatesController.java:283)
08-05 17:23:31.531  2954  2954 E AndroidRuntime: 	at expo.modules.updates.UpdatesController.initialize(UpdatesController.java:102)
08-05 17:23:31.531  2954  2954 E AndroidRuntime: 	at com.rntsyb.MainApplication.onCreate(MainApplication.java:89)
08-05 17:23:31.531  2954  2954 E AndroidRuntime: 	at android.app.Instrumentation.callApplicationOnCreate(Instrumentation.java:1202)
08-05 17:23:31.531  2954  2954 E AndroidRuntime: 	at android.app.ActivityThread.handleBindApplication(ActivityThread.java:7588)
08-05 17:23:31.531  2954  2954 E AndroidRuntime: 	at android.app.ActivityThread.access$2600(ActivityThread.java:260)
08-05 17:23:31.531  2954  2954 E AndroidRuntime: 	at android.app.ActivityThread$H.handleMessage(ActivityThread.java:2435)
08-05 17:23:31.531  2954  2954 E AndroidRuntime: 	at android.os.Handler.dispatchMessage(Handler.java:110)
08-05 17:23:31.531  2954  2954 E AndroidRuntime: 	at android.os.Looper.loop(Looper.java:219)
08-05 17:23:31.531  2954  2954 E AndroidRuntime: 	at android.app.ActivityThread.main(ActivityThread.java:8668)
08-05 17:23:31.531  2954  2954 E AndroidRuntime: 	at java.lang.reflect.Method.invoke(Native Method)
08-05 17:23:31.531  2954  2954 E AndroidRuntime: 	at com.android.internal.os.RuntimeInit$MethodAndArgsCaller.run(RuntimeInit.java:513)
08-05 17:23:31.531  2954  2954 E AndroidRuntime: 	at com.android.internal.os.ZygoteInit.main(ZygoteInit.java:1109)
08-05 17:23:31.548   911  2185 I aptouch_daemon: get_cmd, power_time
08-05 17:23:31.548   911  2185 I aptouch_daemon: excute_cmd_end, cmd: power_time.
08-05 17:23:31.557  2693  3032 I HwLauncher: GestureUtil MOTION_NOTIFICATION app_start_animation sendBroadcast extra= duration: 400 category: app_start_animation timestamp: 1628155411534
08-05 17:23:32.463  3036  3036 E libc    : Access denied finding property "persist.device_config.runtime_native.use_app_image_startup_cache"
08-05 17:23:32.459  3036  3036 W com.rntsyb: type=1400 audit(0.0:4502): avc: denied { read } for pid=3036 name="u:object_r:device_config_runtime_native_prop:s0" dev="tmpfs" ino=11793 scontext=u:r:untrusted_app:s0:c81,c257,c512,c768 tcontext=u:object_r:device_config_runtime_native_prop:s0 tclass=file permissive=0
08-05 17:23:32.534   911  2185 I aptouch_daemon: get_cmd, power_time
08-05 17:23:32.535   911  2185 I aptouch_daemon: excute_cmd_end, cmd: power_time.
08-05 17:23:32.551  2693  3012 I HwLauncher: GestureUtil MOTION_NOTIFICATION app_start_animation sendBroadcast extra= duration: 400 category: app_start_animation timestamp: 1628155412542
08-05 17:23:32.561  3036  3036 E AndroidRuntime: FATAL EXCEPTION: main
08-05 17:23:32.561  3036  3036 E AndroidRuntime: Process: com.rntsyb, PID: 3036
08-05 17:23:32.561  3036  3036 E AndroidRuntime: java.lang.AssertionError: expo-updates is enabled, but no valid URL is configured in AndroidManifest.xml. If you are making a release build for the first time, make sure you have run `expo publish` at least once.
08-05 17:23:32.561  3036  3036 E AndroidRuntime: 	at expo.modules.updates.UpdatesController.start(UpdatesController.java:283)
08-05 17:23:32.561  3036  3036 E AndroidRuntime: 	at expo.modules.updates.UpdatesController.initialize(UpdatesController.java:102)
08-05 17:23:32.561  3036  3036 E AndroidRuntime: 	at com.rntsyb.MainApplication.onCreate(MainApplication.java:89)
08-05 17:23:32.561  3036  3036 E AndroidRuntime: 	at android.app.Instrumentation.callApplicationOnCreate(Instrumentation.java:1202)
08-05 17:23:32.561  3036  3036 E AndroidRuntime: 	at android.app.ActivityThread.handleBindApplication(ActivityThread.java:7588)
08-05 17:23:32.561  3036  3036 E AndroidRuntime: 	at android.app.ActivityThread.access$2600(ActivityThread.java:260)
08-05 17:23:32.561  3036  3036 E AndroidRuntime: 	at android.app.ActivityThread$H.handleMessage(ActivityThread.java:2435)
08-05 17:23:32.561  3036  3036 E AndroidRuntime: 	at android.os.Handler.dispatchMessage(Handler.java:110)
08-05 17:23:32.561  3036  3036 E AndroidRuntime: 	at android.os.Looper.loop(Looper.java:219)
08-05 17:23:32.561  3036  3036 E AndroidRuntime: 	at android.app.ActivityThread.main(ActivityThread.java:8668)
08-05 17:23:32.561  3036  3036 E AndroidRuntime: 	at java.lang.reflect.Method.invoke(Native Method)
08-05 17:23:32.561  3036  3036 E AndroidRuntime: 	at com.android.internal.os.RuntimeInit$MethodAndArgsCaller.run(RuntimeInit.java:513)
08-05 17:23:32.561  3036  3036 E AndroidRuntime: 	at com.android.internal.os.ZygoteInit.main(ZygoteInit.java:1109)
08-05 17:23:32.610   911  2185 I aptouch_daemon: get_cmd, power_time
08-05 17:23:32.610   911  2185 I aptouch_daemon: excute_cmd_end, cmd: power_time.
08-05 17:23:33.405  3083  3083 E libc    : Access denied finding property "persist.device_config.runtime_native.use_app_image_startup_cache"
08-05 17:23:33.399  3083  3083 W com.rntsyb: type=1400 audit(0.0:4503): avc: denied { read } for pid=3083 name="u:object_r:device_config_runtime_native_prop:s0" dev="tmpfs" ino=11793 scontext=u:r:untrusted_app:s0:c81,c257,c512,c768 tcontext=u:object_r:device_config_runtime_native_prop:s0 tclass=file permissive=0
08-05 17:23:33.459   911  2185 I aptouch_daemon: get_cmd, power_time
08-05 17:23:33.459   911  2185 I aptouch_daemon: excute_cmd_end, cmd: power_time.
08-05 17:23:33.474  2693  3010 I HwLauncher: GestureUtil MOTION_NOTIFICATION app_start_animation sendBroadcast extra= duration: 400 category: app_start_animation timestamp: 1628155413467
08-05 17:23:33.488  3083  3083 E AndroidRuntime: FATAL EXCEPTION: main
08-05 17:23:33.488  3083  3083 E AndroidRuntime: Process: com.rntsyb, PID: 3083
08-05 17:23:33.488  3083  3083 E AndroidRuntime: java.lang.AssertionError: expo-updates is enabled, but no valid URL is configured in AndroidManifest.xml. If you are making a release build for the first time, make sure you have run `expo publish` at least once.
08-05 17:23:33.488  3083  3083 E AndroidRuntime: 	at expo.modules.updates.UpdatesController.start(UpdatesController.java:283)
08-05 17:23:33.488  3083  3083 E AndroidRuntime: 	at expo.modules.updates.UpdatesController.initialize(UpdatesController.java:102)
08-05 17:23:33.488  3083  3083 E AndroidRuntime: 	at com.rntsyb.MainApplication.onCreate(MainApplication.java:89)
08-05 17:23:33.488  3083  3083 E AndroidRuntime: 	at android.app.Instrumentation.callApplicationOnCreate(Instrumentation.java:1202)
08-05 17:23:33.488  3083  3083 E AndroidRuntime: 	at android.app.ActivityThread.handleBindApplication(ActivityThread.java:7588)
08-05 17:23:33.488  3083  3083 E AndroidRuntime: 	at android.app.ActivityThread.access$2600(ActivityThread.java:260)
08-05 17:23:33.488  3083  3083 E AndroidRuntime: 	at android.app.ActivityThread$H.handleMessage(ActivityThread.java:2435)
08-05 17:23:33.488  3083  3083 E AndroidRuntime: 	at android.os.Handler.dispatchMessage(Handler.java:110)
08-05 17:23:33.488  3083  3083 E AndroidRuntime: 	at android.os.Looper.loop(Looper.java:219)
08-05 17:23:33.488  3083  3083 E AndroidRuntime: 	at android.app.ActivityThread.main(ActivityThread.java:8668)
08-05 17:23:33.488  3083  3083 E AndroidRuntime: 	at java.lang.reflect.Method.invoke(Native Method)
08-05 17:23:33.488  3083  3083 E AndroidRuntime: 	at com.android.internal.os.RuntimeInit$MethodAndArgsCaller.run(RuntimeInit.java:513)
08-05 17:23:33.488  3083  3083 E AndroidRuntime: 	at com.android.internal.os.ZygoteInit.main(ZygoteInit.java:1109)
08-05 17:23:33.503   911  2185 I aptouch_daemon: get_cmd, power_time
08-05 17:23:33.503   911  2185 I aptouch_daemon: excute_cmd_end, cmd: power_time.
08-05 17:23:45.753  4409  4644 I PushLog110106300: [ReceiverDispatcher-195]com.huawei.push.alarm.HEARTBEAT alarm trigger, expectTriggerTime:1628155425740, current trigger time:1628155425753
08-05 17:23:45.767  4409  4644 I PushLog110106300: [ReceiverDispatcher-195]next Heartbeat timeout for push server is: 5 min , curHeartBeatInterval: 300000
08-05 17:23:54.454  2830  3198 E SQLiteDatabase: Error inserting UNIQUE constraint failed: SmartControlRecordTable.packageName, SmartControlRecordTable.callerPackageName, SmartControlRecordTable.startupResult, SmartControlRecordTable.timeOfDay (Sqlite code 2067 SQLITE_CONSTRAINT_UNIQUE), (OS error - 2:No such file or directory)
08-05 17:24:06.589 23976 24065 I PrintWorker: PrintWoker poll timeout , shutdown
08-05 17:24:10.019  1073  1132 I SensorHub: in Batch, handle = 0, flags = 0, periodNs = 50000000, timeout = 0
08-05 17:24:10.024  1073  1073 I SensorHub: in Batch, handle = 5, flags = 0, periodNs = 50000000, timeout = 0
08-05 17:24:10.029  1073  1073 I SensorHub: in Batch, handle = 1, flags = 0, periodNs = 50000000, timeout = 0
08-05 17:24:16.467  1073  1132 I SensorHub: in Batch, handle = 0, flags = 0, periodNs = 66667000, timeout = 0
08-05 17:24:16.474  2659  3264 I SensorState: sensor stop, total history time:1916346
08-05 17:24:24.344  2709  3297 I FwKamsCompat: wait for ams time out for 60000 ms
08-05 17:24:30.087 10432 12699 I ImeNamedRunnable: Thread pool-1-thread-1, Runnable named iinputm::wordsInstallTask, use time 1ms
08-05 17:25:05.135  1035  1657 I maple   :  NaiveRC GC for force: sync: collected objects: 0(0B), 90.7536% utilization (3MiB/3MiB), max pause: 256us, total pause: 348us, total GC time: 39ms
08-05 17:25:16.636  4763  5531 I CAWARENESS_MsdpMotionParser: parseMsdpEvent count: 1 state: MsdpMotionTransportState{abilityType=still, eventType=exit, timestampNs=5298514206951, confidence=0, extra=}
08-05 17:25:16.645  2554  5280 I OPCollectLog: ARFromAwarenessImpl:motionType: 4 eventType: 2 timeStamp: 5298514206951
08-05 17:25:21.636  4763  5531 I CAWARENESS_MsdpMotionParser: parseMsdpEvent count: 1 state: MsdpMotionTransportState{abilityType=still, eventType=enter, timestampNs=5303513061639, confidence=100, extra=}
08-05 17:25:21.645  2554  5280 I OPCollectLog: ARFromAwarenessImpl:motionType: 4 eventType: 1 timeStamp: 5303513061639
08-05 17:25:22.975  2602  2728 E TrustAuthCommon: onError: error is not caused by service timeout
08-05 17:25:31.633  3309  3309 E libc    : Access denied finding property "persist.device_config.runtime_native.use_app_image_startup_cache"
08-05 17:25:31.627  3309  3309 W com.rntsyb: type=1400 audit(0.0:4532): avc: denied { read } for pid=3309 name="u:object_r:device_config_runtime_native_prop:s0" dev="tmpfs" ino=11793 scontext=u:r:untrusted_app:s0:c81,c257,c512,c768 tcontext=u:object_r:device_config_runtime_native_prop:s0 tclass=file permissive=0
08-05 17:25:31.695   911  2185 I aptouch_daemon: get_cmd, power_time
08-05 17:25:31.695   911  2185 I aptouch_daemon: excute_cmd_end, cmd: power_time.
08-05 17:25:31.711  2693  3375 I HwLauncher: GestureUtil MOTION_NOTIFICATION app_start_animation sendBroadcast extra= duration: 400 category: app_start_animation timestamp: 1628155531703
08-05 17:25:31.722  3309  3309 E AndroidRuntime: FATAL EXCEPTION: main
08-05 17:25:31.722  3309  3309 E AndroidRuntime: Process: com.rntsyb, PID: 3309
08-05 17:25:31.722  3309  3309 E AndroidRuntime: java.lang.AssertionError: expo-updates is enabled, but no valid URL is configured in AndroidManifest.xml. If you are making a release build for the first time, make sure you have run `expo publish` at least once.
08-05 17:25:31.722  3309  3309 E AndroidRuntime: 	at expo.modules.updates.UpdatesController.start(UpdatesController.java:283)
08-05 17:25:31.722  3309  3309 E AndroidRuntime: 	at expo.modules.updates.UpdatesController.initialize(UpdatesController.java:102)
08-05 17:25:31.722  3309  3309 E AndroidRuntime: 	at com.rntsyb.MainApplication.onCreate(MainApplication.java:89)
08-05 17:25:31.722  3309  3309 E AndroidRuntime: 	at android.app.Instrumentation.callApplicationOnCreate(Instrumentation.java:1202)
08-05 17:25:31.722  3309  3309 E AndroidRuntime: 	at android.app.ActivityThread.handleBindApplication(ActivityThread.java:7588)
08-05 17:25:31.722  3309  3309 E AndroidRuntime: 	at android.app.ActivityThread.access$2600(ActivityThread.java:260)
08-05 17:25:31.722  3309  3309 E AndroidRuntime: 	at android.app.ActivityThread$H.handleMessage(ActivityThread.java:2435)
08-05 17:25:31.722  3309  3309 E AndroidRuntime: 	at android.os.Handler.dispatchMessage(Handler.java:110)
08-05 17:25:31.722  3309  3309 E AndroidRuntime: 	at android.os.Looper.loop(Looper.java:219)
08-05 17:25:31.722  3309  3309 E AndroidRuntime: 	at android.app.ActivityThread.main(ActivityThread.java:8668)
08-05 17:25:31.722  3309  3309 E AndroidRuntime: 	at java.lang.reflect.Method.invoke(Native Method)
08-05 17:25:31.722  3309  3309 E AndroidRuntime: 	at com.android.internal.os.RuntimeInit$MethodAndArgsCaller.run(RuntimeInit.java:513)
08-05 17:25:31.722  3309  3309 E AndroidRuntime: 	at com.android.internal.os.ZygoteInit.main(ZygoteInit.java:1109)
08-05 17:25:31.774   911  2185 I aptouch_daemon: get_cmd, power_time
08-05 17:25:31.774   911  2185 I aptouch_daemon: excute_cmd_end, cmd: power_time.
08-05 17:25:31.775  1655  3222 I WindowManager: Checking 1 opening apps (frozen=false timeout=false)...
08-05 17:25:31.780  1655  1715 I WindowManager: Checking 1 opening apps (frozen=false timeout=false)...
08-05 17:25:31.784  1655  1715 I WindowManager: Checking 1 opening apps (frozen=false timeout=false)...
08-05 17:25:31.799  1655  1715 I WindowManager: Checking 1 opening apps (frozen=false timeout=false)...
08-05 17:25:31.799  1655  1715 I WindowManager: Checking 0 opening apps (frozen=false timeout=false)...
08-05 17:25:32.227  1655  1714 W ActivityTaskManager: Activity top resumed state loss timeout for ActivityRecord{6a4f087 u0 com.rntsyb/.MainActivity t-1 f}
08-05 17:25:32.554  3393  3393 E libc    : Access denied finding property "persist.device_config.runtime_native.use_app_image_startup_cache"
08-05 17:25:32.547  3393  3393 W com.rntsyb: type=1400 audit(0.0:4535): avc: denied { read } for pid=3393 name="u:object_r:device_config_runtime_native_prop:s0" dev="tmpfs" ino=11793 scontext=u:r:untrusted_app:s0:c81,c257,c512,c768 tcontext=u:object_r:device_config_runtime_native_prop:s0 tclass=file permissive=0
08-05 17:25:32.628  1655  2220 I WindowManager: Checking 1 opening apps (frozen=false timeout=false)...
08-05 17:25:32.629  1655  2220 I WindowManager: Checking 0 opening apps (frozen=false timeout=false)...
08-05 17:25:32.629   911  2185 I aptouch_daemon: get_cmd, power_time
08-05 17:25:32.629   911  2185 I aptouch_daemon: excute_cmd_end, cmd: power_time.
08-05 17:25:32.645  2693  3349 I HwLauncher: GestureUtil MOTION_NOTIFICATION app_start_animation sendBroadcast extra= duration: 400 category: app_start_animation timestamp: 1628155532635
08-05 17:25:32.657  3393  3393 E AndroidRuntime: FATAL EXCEPTION: main
08-05 17:25:32.657  3393  3393 E AndroidRuntime: Process: com.rntsyb, PID: 3393
08-05 17:25:32.657  3393  3393 E AndroidRuntime: java.lang.AssertionError: expo-updates is enabled, but no valid URL is configured in AndroidManifest.xml. If you are making a release build for the first time, make sure you have run `expo publish` at least once.
08-05 17:25:32.657  3393  3393 E AndroidRuntime: 	at expo.modules.updates.UpdatesController.start(UpdatesController.java:283)
08-05 17:25:32.657  3393  3393 E AndroidRuntime: 	at expo.modules.updates.UpdatesController.initialize(UpdatesController.java:102)
08-05 17:25:32.657  3393  3393 E AndroidRuntime: 	at com.rntsyb.MainApplication.onCreate(MainApplication.java:89)
08-05 17:25:32.657  3393  3393 E AndroidRuntime: 	at android.app.Instrumentation.callApplicationOnCreate(Instrumentation.java:1202)
08-05 17:25:32.657  3393  3393 E AndroidRuntime: 	at android.app.ActivityThread.handleBindApplication(ActivityThread.java:7588)
08-05 17:25:32.657  3393  3393 E AndroidRuntime: 	at android.app.ActivityThread.access$2600(ActivityThread.java:260)
08-05 17:25:32.657  3393  3393 E AndroidRuntime: 	at android.app.ActivityThread$H.handleMessage(ActivityThread.java:2435)
08-05 17:25:32.657  3393  3393 E AndroidRuntime: 	at android.os.Handler.dispatchMessage(Handler.java:110)
08-05 17:25:32.657  3393  3393 E AndroidRuntime: 	at android.os.Looper.loop(Looper.java:219)
08-05 17:25:32.657  3393  3393 E AndroidRuntime: 	at android.app.ActivityThread.main(ActivityThread.java:8668)
08-05 17:25:32.657  3393  3393 E AndroidRuntime: 	at java.lang.reflect.Method.invoke(Native Method)
08-05 17:25:32.657  3393  3393 E AndroidRuntime: 	at com.android.internal.os.RuntimeInit$MethodAndArgsCaller.run(RuntimeInit.java:513)
08-05 17:25:32.657  3393  3393 E AndroidRuntime: 	at com.android.internal.os.ZygoteInit.main(ZygoteInit.java:1109)
08-05 17:25:32.662  1655  1708 W ActivityManager: Process com.rntsyb has crashed too many times: killing!
08-05 17:25:32.674   911  2185 I aptouch_daemon: get_cmd, power_time
08-05 17:25:32.674   911  2185 I aptouch_daemon: excute_cmd_end, cmd: power_time.
08-05 17:25:32.680  1655  1715 I WindowManager: Checking 1 opening apps (frozen=false timeout=false)...
08-05 17:25:32.691  1655  1715 I WindowManager: Checking 1 opening apps (frozen=false timeout=false)...
08-05 17:25:32.700  1655  1715 I WindowManager: Checking 1 opening apps (frozen=false timeout=false)...
08-05 17:25:32.700  1655  1715 I WindowManager: Checking 0 opening apps (frozen=false timeout=false)...
08-05 17:25:33.666  3443  3443 E libc    : Access denied finding property "persist.device_config.runtime_native.use_app_image_startup_cache"
08-05 17:25:33.659  3443  3443 W com.rntsyb: type=1400 audit(0.0:4536): avc: denied { read } for pid=3443 name="u:object_r:device_config_runtime_native_prop:s0" dev="tmpfs" ino=11793 scontext=u:r:untrusted_app:s0:c81,c257,c512,c768 tcontext=u:object_r:device_config_runtime_native_prop:s0 tclass=file permissive=0
08-05 17:25:33.745   911  2185 I aptouch_daemon: get_cmd, power_time
08-05 17:25:33.745   911  2185 I aptouch_daemon: excute_cmd_end, cmd: power_time.
08-05 17:25:33.745  1655  3222 I WindowManager: Checking 1 opening apps (frozen=false timeout=false)...
08-05 17:25:33.745  1655  3222 I WindowManager: Checking 0 opening apps (frozen=false timeout=false)...
08-05 17:25:33.778  2693  3344 I HwLauncher: GestureUtil MOTION_NOTIFICATION app_start_animation sendBroadcast extra= duration: 400 category: app_start_animation timestamp: 1628155533754
08-05 17:25:33.780  3443  3443 E AndroidRuntime: FATAL EXCEPTION: main
08-05 17:25:33.780  3443  3443 E AndroidRuntime: Process: com.rntsyb, PID: 3443
08-05 17:25:33.780  3443  3443 E AndroidRuntime: java.lang.AssertionError: expo-updates is enabled, but no valid URL is configured in AndroidManifest.xml. If you are making a release build for the first time, make sure you have run `expo publish` at least once.
08-05 17:25:33.780  3443  3443 E AndroidRuntime: 	at expo.modules.updates.UpdatesController.start(UpdatesController.java:283)
08-05 17:25:33.780  3443  3443 E AndroidRuntime: 	at expo.modules.updates.UpdatesController.initialize(UpdatesController.java:102)
08-05 17:25:33.780  3443  3443 E AndroidRuntime: 	at com.rntsyb.MainApplication.onCreate(MainApplication.java:89)
08-05 17:25:33.780  3443  3443 E AndroidRuntime: 	at android.app.Instrumentation.callApplicationOnCreate(Instrumentation.java:1202)
08-05 17:25:33.780  3443  3443 E AndroidRuntime: 	at android.app.ActivityThread.handleBindApplication(ActivityThread.java:7588)
08-05 17:25:33.780  3443  3443 E AndroidRuntime: 	at android.app.ActivityThread.access$2600(ActivityThread.java:260)
08-05 17:25:33.780  3443  3443 E AndroidRuntime: 	at android.app.ActivityThread$H.handleMessage(ActivityThread.java:2435)
08-05 17:25:33.780  3443  3443 E AndroidRuntime: 	at android.os.Handler.dispatchMessage(Handler.java:110)
08-05 17:25:33.780  3443  3443 E AndroidRuntime: 	at android.os.Looper.loop(Looper.java:219)
08-05 17:25:33.780  3443  3443 E AndroidRuntime: 	at android.app.ActivityThread.main(ActivityThread.java:8668)
08-05 17:25:33.780  3443  3443 E AndroidRuntime: 	at java.lang.reflect.Method.invoke(Native Method)
08-05 17:25:33.780  3443  3443 E AndroidRuntime: 	at com.android.internal.os.RuntimeInit$MethodAndArgsCaller.run(RuntimeInit.java:513)
08-05 17:25:33.780  3443  3443 E AndroidRuntime: 	at com.android.internal.os.ZygoteInit.main(ZygoteInit.java:1109)
08-05 17:25:33.826   911  2185 I aptouch_daemon: get_cmd, power_time
08-05 17:25:33.826   911  2185 I aptouch_daemon: excute_cmd_end, cmd: power_time.
08-05 17:25:33.828  1655  1708 I WindowManager: Checking 1 opening apps (frozen=false timeout=false)...
08-05 17:25:33.832  1655  1715 I WindowManager: Checking 1 opening apps (frozen=false timeout=false)...
08-05 17:25:33.841  1655  1715 I WindowManager: Checking 1 opening apps (frozen=false timeout=false)...
08-05 17:25:33.858  1655  1715 I WindowManager: Checking 1 opening apps (frozen=false timeout=false)...
08-05 17:25:33.858  1655  1715 I WindowManager: Checking 0 opening apps (frozen=false timeout=false)...
08-05 17:25:34.282  1655  1714 W ActivityTaskManager: Activity top resumed state loss timeout for ActivityRecord{6500905 u0 com.rntsyb/.MainActivity t-1 f}
08-05 17:25:34.760  2602  3245 D DeviceMonitorPowerKit: interval is 699980, ElapsedRealtime is 4618177, isNeedRepeat: false
08-05 17:25:47.984  1655  1655 I NetLinkManager: getPriorityAppState, slaveIccid is null, start timer
08-05 17:25:48.822  1655  2195 I TrafficMonitor: gettimer:interval=5000
08-05 17:25:52.536  2641  3271 I ASSET_PUBLICKEY_SERVICE: UpdateData: time duration: 1001
08-05 17:25:52.986  1655  1655 I NetLinkManager: getPriorityAppState, slaveIccid is null, start timer
08-05 17:25:53.825  1655  2195 I TrafficMonitor: gettimer:interval=5000
08-05 17:25:54.760  2602  3245 D DeviceMonitorPowerKit: interval is 719980, ElapsedRealtime is 4618177, isNeedRepeat: false
08-05 17:25:57.989  1655  1655 I NetLinkManager: getPriorityAppState, slaveIccid is null, start timer
08-05 17:25:58.829  1655  2195 I TrafficMonitor: gettimer:interval=5000
08-05 17:26:01.140  1655  2107 D HwBatteryService: setHwChargeTimeRemaining, time = -1 String time: 0
08-05 17:26:02.992  1655  1655 I NetLinkManager: getPriorityAppState, slaveIccid is null, start timer
08-05 17:26:03.834  1655  2195 I TrafficMonitor: gettimer:interval=5000
08-05 17:26:06.818  3507  3507 E libc    : Access denied finding property "persist.device_config.runtime_native.use_app_image_startup_cache"
08-05 17:26:06.811  3507  3507 W com.rntsyb: type=1400 audit(0.0:4543): avc: denied { read } for pid=3507 name="u:object_r:device_config_runtime_native_prop:s0" dev="tmpfs" ino=11793 scontext=u:r:untrusted_app:s0:c81,c257,c512,c768 tcontext=u:object_r:device_config_runtime_native_prop:s0 tclass=file permissive=0
08-05 17:26:06.853  1655  3072 I WindowManager: Checking 1 opening apps (frozen=false timeout=false)...
08-05 17:26:06.853  1655  3072 I WindowManager: Checking 0 opening apps (frozen=false timeout=false)...
08-05 17:26:06.854   911  2185 I aptouch_daemon: get_cmd, power_time
08-05 17:26:06.854   911  2185 I aptouch_daemon: excute_cmd_end, cmd: power_time.
08-05 17:26:06.880  2693  3611 I HwLauncher: GestureUtil MOTION_NOTIFICATION app_start_animation sendBroadcast extra= duration: 400 category: app_start_animation timestamp: 1628155566860
08-05 17:26:06.886  3507  3507 E AndroidRuntime: FATAL EXCEPTION: main
08-05 17:26:06.886  3507  3507 E AndroidRuntime: Process: com.rntsyb, PID: 3507
08-05 17:26:06.886  3507  3507 E AndroidRuntime: java.lang.AssertionError: expo-updates is enabled, but no valid URL is configured in AndroidManifest.xml. If you are making a release build for the first time, make sure you have run `expo publish` at least once.
08-05 17:26:06.886  3507  3507 E AndroidRuntime: 	at expo.modules.updates.UpdatesController.start(UpdatesController.java:283)
08-05 17:26:06.886  3507  3507 E AndroidRuntime: 	at expo.modules.updates.UpdatesController.initialize(UpdatesController.java:102)
08-05 17:26:06.886  3507  3507 E AndroidRuntime: 	at com.rntsyb.MainApplication.onCreate(MainApplication.java:89)
08-05 17:26:06.886  3507  3507 E AndroidRuntime: 	at android.app.Instrumentation.callApplicationOnCreate(Instrumentation.java:1202)
08-05 17:26:06.886  3507  3507 E AndroidRuntime: 	at android.app.ActivityThread.handleBindApplication(ActivityThread.java:7588)
08-05 17:26:06.886  3507  3507 E AndroidRuntime: 	at android.app.ActivityThread.access$2600(ActivityThread.java:260)
08-05 17:26:06.886  3507  3507 E AndroidRuntime: 	at android.app.ActivityThread$H.handleMessage(ActivityThread.java:2435)
08-05 17:26:06.886  3507  3507 E AndroidRuntime: 	at android.os.Handler.dispatchMessage(Handler.java:110)
08-05 17:26:06.886  3507  3507 E AndroidRuntime: 	at android.os.Looper.loop(Looper.java:219)
08-05 17:26:06.886  3507  3507 E AndroidRuntime: 	at android.app.ActivityThread.main(ActivityThread.java:8668)
08-05 17:26:06.886  3507  3507 E AndroidRuntime: 	at java.lang.reflect.Method.invoke(Native Method)
08-05 17:26:06.886  3507  3507 E AndroidRuntime: 	at com.android.internal.os.RuntimeInit$MethodAndArgsCaller.run(RuntimeInit.java:513)
08-05 17:26:06.886  3507  3507 E AndroidRuntime: 	at com.android.internal.os.ZygoteInit.main(ZygoteInit.java:1109)
08-05 17:26:06.889  1655  3222 W ActivityManager: Process com.rntsyb has crashed too many times: killing!
08-05 17:26:06.901   911  2185 I aptouch_daemon: get_cmd, power_time
08-05 17:26:06.901   911  2185 I aptouch_daemon: excute_cmd_end, cmd: power_time.
08-05 17:26:06.912  1655  1715 I WindowManager: Checking 1 opening apps (frozen=false timeout=false)...
08-05 17:26:06.925  1655  1715 I WindowManager: Checking 1 opening apps (frozen=false timeout=false)...
08-05 17:26:06.942  1655  1715 I WindowManager: Checking 1 opening apps (frozen=false timeout=false)...
08-05 17:26:06.942  1655  1715 I WindowManager: Checking 0 opening apps (frozen=false timeout=false)...
08-05 17:26:07.992  1655  1655 I NetLinkManager: getPriorityAppState, slaveIccid is null, start timer
08-05 17:26:08.837  1655  2195 I TrafficMonitor: gettimer:interval=5000
08-05 17:26:12.995  1655  1655 I NetLinkManager: getPriorityAppState, slaveIccid is null, start timer
08-05 17:26:13.841  1655  2195 I TrafficMonitor: gettimer:interval=5000
08-05 17:26:14.760  2602  3245 D DeviceMonitorPowerKit: interval is 739980, ElapsedRealtime is 4618177, isNeedRepeat: false
08-05 17:26:15.047  1655  2306 I HwWifiProServiceProxy: pair = Pair{true 8}, Bundle = Bundle[{time=8, arpResult=true}]
08-05 17:26:17.997  1655  1655 I NetLinkManager: getPriorityAppState, slaveIccid is null, start timer
08-05 17:26:18.844  1655  2195 I TrafficMonitor: gettimer:interval=5000
08-05 17:26:22.999  1655  1655 I NetLinkManager: getPriorityAppState, slaveIccid is null, start timer
08-05 17:26:23.849  1655  2195 I TrafficMonitor: gettimer:interval=5000
08-05 17:26:25.650  1655  1655 I JobServiceContext: APP response begin time, startJob due to preemption. jobid:-200
08-05 17:26:25.652  1655  1655 I JobServiceContext: APP response begin time, startJob due to preemption. jobid:102737
08-05 17:26:25.659  1655  1708 I JobScheduler: APP response end time, Completed JobStatus{64c9fbc #u0a110/-200 com.android.gallery3d/com.huawei.gallery.phonestatus.PowerConnectedService u=0 s=10110 TIME=-59s402ms:+4m0s598ms CHARGING PERIODIC PERSISTED READY}, reschedule=false
08-05 17:26:25.668  1655  1708 I JobServiceContext: APP response end time startJob.
08-05 17:26:25.669  1655  1655 I JobServiceContext: APP response end time startJob.
08-05 17:26:25.680  1655  1655 I JobScheduler: APP response end time, Completed JobStatus{64c9e9a #1000/102737 com.ss.android.ugc.aweme.AccountSyncProvider/com.ss.android.ugc.aweme:android u=0 s=10144 TIME=-59s421ms:+4m0s579ms NET PERIODIC PERSISTED READY}, reschedule=false
08-05 17:26:28.002  1655  1655 I NetLinkManager: getPriorityAppState, slaveIccid is null, start timer
08-05 17:26:28.856  1655  2195 I TrafficMonitor: gettimer:interval=5000
08-05 17:26:31.860  1655  2107 D HwBatteryService: setHwChargeTimeRemaining, time = -1 String time: 0
08-05 17:26:33.004  1655  1655 I NetLinkManager: getPriorityAppState, slaveIccid is null, start timer
08-05 17:26:33.860  1655  2195 I TrafficMonitor: gettimer:interval=2000
08-05 17:26:34.760  2602  3245 D DeviceMonitorPowerKit: interval is 759980, ElapsedRealtime is 4618177, isNeedRepeat: false
08-05 17:26:35.865  1655  2195 I TrafficMonitor: gettimer:interval=2000
08-05 17:26:37.869  1655  2195 I TrafficMonitor: gettimer:interval=2000
08-05 17:26:38.005  1655  1655 I NetLinkManager: getPriorityAppState, slaveIccid is null, start timer
08-05 17:26:39.872  1655  2195 I TrafficMonitor: gettimer:interval=2000
08-05 17:26:41.875  1655  2195 I TrafficMonitor: gettimer:interval=2000
08-05 17:26:43.006  1655  1655 I NetLinkManager: getPriorityAppState, slaveIccid is null, start timer
08-05 17:26:43.881  1655  2195 I TrafficMonitor: gettimer:interval=2000
08-05 17:26:45.886  1655  2195 I TrafficMonitor: gettimer:interval=2000
08-05 17:26:45.909  4409  4644 I PushLog110106300: [ReceiverDispatcher-195]com.huawei.push.alarm.HEARTBEAT alarm trigger, expectTriggerTime:1628155605860, current trigger time:1628155605909
08-05 17:26:45.912  4409  4644 I PushLog110106300: [ReceiverDispatcher-195]next Heartbeat timeout for push server is: 5 min , curHeartBeatInterval: 300000
08-05 17:26:47.889  1655  2195 I TrafficMonitor: gettimer:interval=2000
08-05 17:26:48.008  1655  1655 I NetLinkManager: getPriorityAppState, slaveIccid is null, start timer
08-05 17:26:49.892  1655  2195 I TrafficMonitor: gettimer:interval=2000
08-05 17:26:51.897  1655  2195 I TrafficMonitor: gettimer:interval=2000
08-05 17:26:53.009  1655  1655 I NetLinkManager: getPriorityAppState, slaveIccid is null, start timer
08-05 17:26:53.900  1655  2195 I TrafficMonitor: gettimer:interval=2000
08-05 17:26:54.760  2602  3245 D DeviceMonitorPowerKit: interval is 779980, ElapsedRealtime is 4618177, isNeedRepeat: false
08-05 17:26:55.045 10827 10942 I mars::stn: [longlink_connect_monitor.cc, OnHeartbeatAlarmReceived, 474]:longlink_progress on_heartbeat_alarm, time: 5398442, is_noop_timeout:false
08-05 17:26:55.071  1655  3221 W ProcBatteryStats: timer is running , not start, name: com.tencent.mm, uid: 10165, tag: PlatformComm
08-05 17:26:55.078  1655  3221 W ProcBatteryStats: timer is running , not start, name: com.tencent.mm, uid: 10165, tag: PlatformComm
08-05 17:26:55.090 10827  2699 I mars::stn: [longlink_connect_monitor.cc, OnHeartbeatAlarmSet, 470]:longlink_progress on_heartbeat_set, time: 5398486, time interval:210000
08-05 17:26:55.102 10827  2699 I mars::stn: [longlink_connect_monitor.cc, OnHeartbeatAlarmSet, 470]:longlink_progress on_heartbeat_set, time: 5398499, time interval:210000
08-05 17:26:55.726  2830  3198 E SQLiteDatabase: Error inserting UNIQUE constraint failed: SmartControlRecordTable.packageName, SmartControlRecordTable.callerPackageName, SmartControlRecordTable.startupResult, SmartControlRecordTable.timeOfDay (Sqlite code 2067 SQLITE_CONSTRAINT_UNIQUE), (OS error - 2:No such file or directory)
08-05 17:26:55.905  1655  2195 I TrafficMonitor: gettimer:interval=2000
08-05 17:26:56.077  1655  3221 W ProcBatteryStats: timer is not running , not stop, name: com.tencent.mm, uid: 10165, tag: PlatformComm
08-05 17:26:56.084  1655  3221 W ProcBatteryStats: timer is not running , not stop, name: com.tencent.mm, uid: 10165, tag: PlatformComm
08-05 17:26:57.909  1655  2195 I TrafficMonitor: gettimer:interval=2000
08-05 17:26:58.010  1655  1655 I NetLinkManager: getPriorityAppState, slaveIccid is null, start timer
08-05 17:26:59.047 14080  3653 I PushLogNC110106302: [ReceiverHandler-pool-thread-19-735]set large icon start time is:1628155619046,end time is:1628155619046(pushagent/:557)
08-05 17:26:59.058 14080  3653 I PushLogNC110106302: [ReceiverHandler-pool-thread-19-735]setAutoClear time is: 0(pushagent/:262)
08-05 17:26:59.069  2659  3264 I AppManager: app:com.UCMobile Notification update time:5402466
08-05 17:26:59.085  2659  3264 I AppManager: app:com.UCMobile Notification update time:5402482
08-05 17:26:59.913  1655  2195 I TrafficMonitor: gettimer:interval=2000
08-05 17:27:00.133  3664  3664 E         : storage_info: GetLifetimeConfigXML: xml file (null) not exists
08-05 17:27:00.133  3664  3664 I         : storage_info: LifetimeEnabled: lifetime disabled
08-05 17:27:01.917  1655  2195 I TrafficMonitor: gettimer:interval=2000
08-05 17:27:02.579  1655  2107 D HwBatteryService: setHwChargeTimeRemaining, time = -1 String time: 0
08-05 17:27:03.012  1655  1655 I NetLinkManager: getPriorityAppState, slaveIccid is null, start timer
08-05 17:27:03.921  1655  2195 I TrafficMonitor: gettimer:interval=2000
08-05 17:27:05.924  1655  2195 I TrafficMonitor: gettimer:interval=2000
08-05 17:27:07.929  1655  2195 I TrafficMonitor: gettimer:interval=2000
08-05 17:27:08.014  1655  1655 I NetLinkManager: getPriorityAppState, slaveIccid is null, start timer
08-05 17:27:08.941  2623  3732 I HicomNfTimerManager: AddTimer first success, m_expiredTime: 1628155688941, timer list size: 1
08-05 17:27:08.942  2623  3732 I HicomNfTimerManager: time fd:183 set success
08-05 17:27:08.971  2623  3732 I HicomNfTimerManager: RemoveTimer success, m_expiredTime: 1628155688941, timer list size: 0
08-05 17:27:09.106  2602  2728 E TrustAuthCommon: onError: error is not caused by service timeout
08-05 17:27:09.597   911  2185 I aptouch_daemon: get_cmd, power_time
08-05 17:27:09.597   911  2185 I aptouch_daemon: excute_cmd_end, cmd: power_time.
08-05 17:27:09.604   979   979 D pmomd   : dubai_send_data# new inquires arrived, timestamp=5413001
08-05 17:27:09.932  1655  2195 I TrafficMonitor: gettimer:interval=2000
08-05 17:27:10.590  2589  8069 E NcDftMisc: trigger wifi worktime event fail
08-05 17:27:11.185  1049  2145 E dubaid  : [DubaiStorage.cpp] QueryEntries# Failed to query entries: SELECT SUM(cdrx_time_cnt) * 1000 / 32768 FROM raw_backward_modem_lte_phy WHERE start_time >= 1628153829582 AND end_time <= 1628155629582
08-05 17:27:11.185  1049  2145 E dubaid  : [DubaiStorage.cpp] QueryEntries# Failed to query entries: SELECT SUM(connDurationSlice + connSaDurationSlice) * 1000 / 32768 FROM raw_backward_modem_nr_phy WHERE start_time >= 1628153829582 AND end_time <= 1628155629582
08-05 17:27:11.380  1655  2297 I WifiProStatisticsManager: checkIfNeedUpload time left(mins):817
08-05 17:27:11.936  1655  2195 I TrafficMonitor: gettimer:interval=2000
08-05 17:27:13.016  1655  1655 I NetLinkManager: getPriorityAppState, slaveIccid is null, start timer
08-05 17:27:13.939  1655  2195 I TrafficMonitor: gettimer:interval=2000
08-05 17:27:14.259  2589  2878 I BT_CHR: BtStoreManager: write file:BtChrStatKpiEvent.bin bytes:420 time:6ms
08-05 17:27:14.761  2602  3245 D DeviceMonitorPowerKit: interval is 799981, ElapsedRealtime is 4618177, isNeedRepeat: false
08-05 17:27:15.130  1655  2306 I HwWifiProServiceProxy: pair = Pair{true 15}, Bundle = Bundle[{time=15, arpResult=true}]
08-05 17:27:15.943  1655  2195 I TrafficMonitor: gettimer:interval=2000
08-05 17:27:17.946  1655  2195 I TrafficMonitor: gettimer:interval=2000
08-05 17:27:18.018  1655  1655 I NetLinkManager: getPriorityAppState, slaveIccid is null, start timer
08-05 17:27:19.952  1655  2195 I TrafficMonitor: gettimer:interval=2000
08-05 17:27:20.548  2602  3019 I MonitorStrategy: device check lost at heartbeat, bleBackGround false or not screenOne or need more time
08-05 17:27:20.626  2602  3019 I MonitorStrategy: first time, do all Wifi discovery
08-05 17:27:21.955  1655  2195 I TrafficMonitor: gettimer:interval=2000
08-05 17:27:23.019  1655  1655 I NetLinkManager: getPriorityAppState, slaveIccid is null, start timer
08-05 17:27:23.959  1655  2195 I TrafficMonitor: gettimer:interval=2000
08-05 17:27:24.674  2602  3016 D DeviceMonitorPowerKit: interval is 809894, ElapsedRealtime is 4618177, isNeedRepeat: false
08-05 17:27:25.963  1655  2195 I TrafficMonitor: gettimer:interval=2000
08-05 17:27:27.968  1655  2195 I TrafficMonitor: gettimer:interval=2000
08-05 17:27:28.021  1655  1655 I NetLinkManager: getPriorityAppState, slaveIccid is null, start timer
08-05 17:27:29.971  1655  2195 I TrafficMonitor: gettimer:interval=2000
08-05 17:27:31.975  1655  2195 I TrafficMonitor: gettimer:interval=2000
08-05 17:27:33.023  1655  1655 I NetLinkManager: getPriorityAppState, slaveIccid is null, start timer
08-05 17:27:33.297  1655  2107 D HwBatteryService: setHwChargeTimeRemaining, time = -1 String time: 0
08-05 17:27:33.979  1655  2195 I TrafficMonitor: gettimer:interval=2000
08-05 17:27:34.760  2602  3245 D DeviceMonitorPowerKit: interval is 819980, ElapsedRealtime is 4618177, isNeedRepeat: false
08-05 17:27:35.984  1655  2195 I TrafficMonitor: gettimer:interval=2000
08-05 17:27:37.987  1655  2195 I TrafficMonitor: gettimer:interval=2000
08-05 17:27:38.024  1655  1655 I NetLinkManager: getPriorityAppState, slaveIccid is null, start timer
08-05 17:27:39.024  2641  3271 I ASSET_PUBLICKEY_SERVICE: UpdateData: time duration: 715
08-05 17:27:39.992  1655  2195 I TrafficMonitor: gettimer:interval=2000
08-05 17:27:41.995  1655  2195 I TrafficMonitor: gettimer:interval=2000
08-05 17:27:43.026  1655  1655 I NetLinkManager: getPriorityAppState, slaveIccid is null, start timer
08-05 17:27:44.000  1655  2195 I TrafficMonitor: gettimer:interval=2000
08-05 17:27:46.003  1655  2195 I TrafficMonitor: gettimer:interval=2000
08-05 17:27:48.008  1655  2195 I TrafficMonitor: gettimer:interval=2000
08-05 17:27:48.028  1655  1655 I NetLinkManager: getPriorityAppState, slaveIccid is null, start timer
08-05 17:27:50.011  1655  2195 I TrafficMonitor: gettimer:interval=2000
08-05 17:27:52.016  1655  2195 I TrafficMonitor: gettimer:interval=2000
08-05 17:27:53.031  1655  1655 I NetLinkManager: getPriorityAppState, slaveIccid is null, start timer
08-05 17:27:54.019  1655  2195 I TrafficMonitor: gettimer:interval=5000
08-05 17:27:54.760  2602  3245 D DeviceMonitorPowerKit: interval is 839980, ElapsedRealtime is 4618177, isNeedRepeat: false
08-05 17:27:58.034  1655  1655 I NetLinkManager: getPriorityAppState, slaveIccid is null, start timer
08-05 17:27:59.022  1655  2195 I TrafficMonitor: gettimer:interval=5000
08-05 17:28:03.036  1655  1655 I NetLinkManager: getPriorityAppState, slaveIccid is null, start timer
08-05 17:28:04.026  1655  2195 I TrafficMonitor: gettimer:interval=2000
08-05 17:28:04.056  1655  2107 D HwBatteryService: setHwChargeTimeRemaining, time = -1 String time: 0
08-05 17:28:06.029  1655  2195 I TrafficMonitor: gettimer:interval=2000
08-05 17:28:08.033  1655  2195 I TrafficMonitor: gettimer:interval=2000
08-05 17:28:08.039  1655  1655 I NetLinkManager: getPriorityAppState, slaveIccid is null, start timer
08-05 17:28:10.036  1655  2195 I TrafficMonitor: gettimer:interval=2000
08-05 17:28:12.042  1655  2195 I TrafficMonitor: gettimer:interval=2000
08-05 17:28:13.041  1655  1655 I NetLinkManager: getPriorityAppState, slaveIccid is null, start timer
08-05 17:28:14.045  1655  2195 I TrafficMonitor: gettimer:interval=2000
08-05 17:28:14.760  2602  3245 D DeviceMonitorPowerKit: interval is 859980, ElapsedRealtime is 4618177, isNeedRepeat: false
08-05 17:28:15.170  1655  2306 I HwWifiProServiceProxy: pair = Pair{true 15}, Bundle = Bundle[{time=15, arpResult=true}]
08-05 17:28:16.049  1655  2195 I TrafficMonitor: gettimer:interval=2000
08-05 17:28:18.042  1655  1655 I NetLinkManager: getPriorityAppState, slaveIccid is null, start timer
08-05 17:28:18.052  1655  2195 I TrafficMonitor: gettimer:interval=2000
08-05 17:28:20.057  1655  2195 I TrafficMonitor: gettimer:interval=2000
08-05 17:28:22.061  1655  2195 I TrafficMonitor: gettimer:interval=2000
08-05 17:28:23.045  1655  1655 I NetLinkManager: getPriorityAppState, slaveIccid is null, start timer
08-05 17:28:24.065  1655  2195 I TrafficMonitor: gettimer:interval=2000
08-05 17:28:26.069  1655  2195 I TrafficMonitor: gettimer:interval=2000
08-05 17:28:28.047  1655  1655 I NetLinkManager: getPriorityAppState, slaveIccid is null, start timer
08-05 17:28:28.074  1655  2195 I TrafficMonitor: gettimer:interval=2000
08-05 17:28:30.078  1655  2195 I TrafficMonitor: gettimer:interval=2000
08-05 17:28:32.084  1655  2195 I TrafficMonitor: gettimer:interval=2000
08-05 17:28:33.050  1655  1655 I NetLinkManager: getPriorityAppState, slaveIccid is null, start timer
08-05 17:28:34.087  1655  2195 I TrafficMonitor: gettimer:interval=2000
08-05 17:28:34.738  1655  2107 D HwBatteryService: setHwChargeTimeRemaining, time = -1 String time: 0
08-05 17:28:34.760  2602  3245 D DeviceMonitorPowerKit: interval is 879980, ElapsedRealtime is 4618177, isNeedRepeat: false
08-05 17:28:36.091  1655  2195 I TrafficMonitor: gettimer:interval=2000
08-05 17:28:38.052  1655  1655 I NetLinkManager: getPriorityAppState, slaveIccid is null, start timer
08-05 17:28:38.095  1655  2195 I TrafficMonitor: gettimer:interval=2000
08-05 17:28:40.100  1655  2195 I TrafficMonitor: gettimer:interval=2000
08-05 17:28:42.103  1655  2195 I TrafficMonitor: gettimer:interval=2000
08-05 17:28:43.054  1655  1655 I NetLinkManager: getPriorityAppState, slaveIccid is null, start timer
08-05 17:28:44.108  1655  2195 I TrafficMonitor: gettimer:interval=2000
08-05 17:28:46.112  1655  2195 I TrafficMonitor: gettimer:interval=2000
08-05 17:28:48.056  1655  1655 I NetLinkManager: getPriorityAppState, slaveIccid is null, start timer
08-05 17:28:48.117  1655  2195 I TrafficMonitor: gettimer:interval=2000
08-05 17:28:50.121  1655  2195 I TrafficMonitor: gettimer:interval=2000
08-05 17:28:52.125  1655  2195 I TrafficMonitor: gettimer:interval=2000
08-05 17:28:53.058  1655  1655 I NetLinkManager: getPriorityAppState, slaveIccid is null, start timer
08-05 17:28:54.128  1655  2195 I TrafficMonitor: gettimer:interval=2000
08-05 17:28:54.760  2602  3245 D DeviceMonitorPowerKit: interval is 899980, ElapsedRealtime is 4618177, isNeedRepeat: false
08-05 17:28:56.133  1655  2195 I TrafficMonitor: gettimer:interval=2000
08-05 17:28:58.061  1655  1655 I NetLinkManager: getPriorityAppState, slaveIccid is null, start timer
08-05 17:28:58.137  1655  2195 I TrafficMonitor: gettimer:interval=2000
08-05 17:29:00.142  1655  2195 I TrafficMonitor: gettimer:interval=2000
08-05 17:29:02.146  1655  2195 I TrafficMonitor: gettimer:interval=2000
08-05 17:29:03.062  1655  1655 I NetLinkManager: getPriorityAppState, slaveIccid is null, start timer
08-05 17:29:04.150  1655  2195 I TrafficMonitor: gettimer:interval=2000
08-05 17:29:05.255  1035  1657 I maple   :  NaiveRC GC for force: sync: collected objects: 0(0B), 90.7536% utilization (3MiB/3MiB), max pause: 253us, total pause: 344us, total GC time: 37ms
08-05 17:29:05.473  1655  2107 D HwBatteryService: setHwChargeTimeRemaining, time = -1 String time: 0
08-05 17:29:06.154  1655  2195 I TrafficMonitor: gettimer:interval=2000
08-05 17:29:08.064  1655  1655 I NetLinkManager: getPriorityAppState, slaveIccid is null, start timer
08-05 17:29:08.158  1655  2195 I TrafficMonitor: gettimer:interval=5000
08-05 17:29:10.017  1073  1073 I SensorHub: in Batch, handle = 0, flags = 0, periodNs = 50000000, timeout = 0
08-05 17:29:10.021  1073  1073 I SensorHub: in Batch, handle = 5, flags = 0, periodNs = 50000000, timeout = 0
08-05 17:29:10.025  1073  1073 I SensorHub: in Batch, handle = 1, flags = 0, periodNs = 50000000, timeout = 0
08-05 17:29:13.066  1655  1655 I NetLinkManager: getPriorityAppState, slaveIccid is null, start timer
08-05 17:29:13.165  1655  2195 I TrafficMonitor: gettimer:interval=5000
08-05 17:29:14.760  2602  3245 D DeviceMonitorPowerKit: interval is 919980, ElapsedRealtime is 4618177, isNeedRepeat: false
08-05 17:29:14.761  2659  6369 I PowerKit_Impl: apply pkg: com.huawei.nearby resource:65535 timeout:1800000 reason:nearby is supporting connectivity
08-05 17:29:14.773  2659  6369 I PowerKit_Impl: apply pkg: com.huawei.iconnect resource:65535 timeout:1800000 reason:nearby is supporting connectivity
08-05 17:29:14.778  2659  6369 I PowerKit_Impl: apply pkg: com.huawei.synergy resource:65535 timeout:1800000 reason:nearby is supporting connectivity
08-05 17:29:15.256  1655  2306 I HwWifiProServiceProxy: pair = Pair{true 18}, Bundle = Bundle[{time=18, arpResult=true}]
08-05 17:29:16.468  1073  1073 I SensorHub: in Batch, handle = 0, flags = 0, periodNs = 66667000, timeout = 0
08-05 17:29:16.476  2659  3264 I SensorState: sensor stop, total history time:1922804
08-05 17:29:17.618  1655  1668 I maple   : system_server NaiveRC GC for force: sync: collected objects: 3940(230KiB), 86.4737% utilization (58MiB/68MiB), max pause: 1ms, total pause: 2ms, total GC time: 130ms
08-05 17:29:18.067  1655  1655 I NetLinkManager: getPriorityAppState, slaveIccid is null, start timer
08-05 17:29:18.168  1655  2195 I TrafficMonitor: gettimer:interval=2000
08-05 17:29:20.173  1655  2195 I TrafficMonitor: gettimer:interval=2000
08-05 17:29:22.176  1655  2195 I TrafficMonitor: gettimer:interval=2000
08-05 17:29:23.068  1655  1655 I NetLinkManager: getPriorityAppState, slaveIccid is null, start timer
08-05 17:29:24.180  1655  2195 I TrafficMonitor: gettimer:interval=2000
08-05 17:29:26.183  1655  2195 I TrafficMonitor: gettimer:interval=2000
08-05 17:29:28.071  1655  1655 I NetLinkManager: getPriorityAppState, slaveIccid is null, start timer
08-05 17:29:28.186  1655  2195 I TrafficMonitor: gettimer:interval=2000
08-05 17:29:30.189  1655  2195 I TrafficMonitor: gettimer:interval=2000
08-05 17:29:32.193  1655  2195 I TrafficMonitor: gettimer:interval=2000
08-05 17:29:33.074  1655  1655 I NetLinkManager: getPriorityAppState, slaveIccid is null, start timer
08-05 17:29:34.196  1655  2195 I TrafficMonitor: gettimer:interval=2000
08-05 17:29:34.760  2602  3245 D DeviceMonitorPowerKit: interval is 19979, ElapsedRealtime is 5538178, isNeedRepeat: false
